The target system is: Generic - 3.7.99 - arm
The host system is: Linux - 6.6.74-1-MANJARO - x86_64
Compiling the C compiler identification source file "CMakeCCompilerId.c" succeeded.
Compiler: /home/harrkout/zephyr_workspace/ncs/toolchains/toolchains/b77d8c1312/opt/zephyr-sdk/arm-zephyr-eabi/bin/arm-zephyr-eabi-gcc 
Build flags: 
Id flags: -c 

The output was:
0


Compilation of the C compiler identification source "CMakeCCompilerId.c" produced "CMakeCCompilerId.o"

The C compiler identification is GNU, found in "/home/harrkout/zephyrproject/harrkout/coprocessor/build/coprocessor/CMakeFiles/3.21.0/CompilerIdC/CMakeCCompilerId.o"

Compiling the CXX compiler identification source file "CMakeCXXCompilerId.cpp" succeeded.
Compiler: /home/harrkout/zephyr_workspace/ncs/toolchains/toolchains/b77d8c1312/opt/zephyr-sdk/arm-zephyr-eabi/bin/arm-zephyr-eabi-g++ 
Build flags: 
Id flags: -c 

The output was:
0


Compilation of the CXX compiler identification source "CMakeCXXCompilerId.cpp" produced "CMakeCXXCompilerId.o"

The CXX compiler identification is GNU, found in "/home/harrkout/zephyrproject/harrkout/coprocessor/build/coprocessor/CMakeFiles/3.21.0/CompilerIdCXX/CMakeCXXCompilerId.o"

Checking whether the ASM compiler is GNU using "--version" matched "(GNU assembler)|(GCC)|(Free Software Foundation)":
arm-zephyr-eabi-gcc (Zephyr SDK 0.17.0) 12.2.0
Copyright (C) 2022 Free Software Foundation, Inc.
This is free software; see the source for copying conditions.  There is NO
warranty; not even for MERCHANTABILITY or FITNESS FOR A PARTICULAR PURPOSE.

Performing C SOURCE FILE Test check_C__nostartfiles__nostdlib__isystem___home_harrkout_zephyr_workspace_ncs_toolchains_toolchains_b77d8c1312_opt_zephyr_sdk_arm_zephyr_eabi_bin____lib_gcc_arm_zephyr_eabi_12_2_0_include___isystem___home_harrkout_zephyr_workspace_ncs_toolchains_toolchains_b77d8c1312_opt_zephyr_sdk_arm_zephyr_eabi_bin____lib_gcc_arm_zephyr_eabi_12_2_0_include_fixed___Wl___unresolved_symbols_ignore_in_object_files__Wl___entry_0__fuse_ld_bfd__mcpu_cortex_m4__mthumb__mabi_aapcs__mfp16_format_ieee__fuse_ld_bfd succeeded with the following output:
Change Dir: /home/harrkout/zephyrproject/harrkout/coprocessor/build/coprocessor/CMakeFiles/CMakeTmp

Run Build Command(s):/home/harrkout/zephyr_workspace/ncs/toolchains/toolchains/b77d8c1312/usr/local/bin/ninja cmTC_22fa5 && [1/2] Building C object CMakeFiles/cmTC_22fa5.dir/src.c.obj
[2/2] Linking C executable cmTC_22fa5


Source file was:
int main(void) { return 0; }
Performing C SOURCE FILE Test check_fmacro_prefix_map__home_harrkout_zephyr_workspace_ncs_toolchains_v2_9_0_zephyr_ZEPHYR_BASE_C__nostartfiles__nostdlib__isystem___home_harrkout_zephyr_workspace_ncs_toolchains_toolchains_b77d8c1312_opt_zephyr_sdk_arm_zephyr_eabi_bin____lib_gcc_arm_zephyr_eabi_12_2_0_include___isystem___home_harrkout_zephyr_workspace_ncs_toolchains_toolchains_b77d8c1312_opt_zephyr_sdk_arm_zephyr_eabi_bin____lib_gcc_arm_zephyr_eabi_12_2_0_include_fixed___Wl___unresolved_symbols_ignore_in_object_files__Wl___entry_0__fuse_ld_bfd succeeded with the following output:
Change Dir: /home/harrkout/zephyrproject/harrkout/coprocessor/build/coprocessor/CMakeFiles/CMakeTmp

Run Build Command(s):/home/harrkout/zephyr_workspace/ncs/toolchains/toolchains/b77d8c1312/usr/local/bin/ninja cmTC_8a89d && [1/2] Building C object CMakeFiles/cmTC_8a89d.dir/src.c.obj
[2/2] Linking C executable cmTC_8a89d


Source file was:
int main(void) { return 0; }
Performing C++ SOURCE FILE Test check_fmacro_prefix_map__home_harrkout_zephyr_workspace_ncs_toolchains_v2_9_0_zephyr_ZEPHYR_BASE_CXX__nostartfiles__nostdlib__isystem___home_harrkout_zephyr_workspace_ncs_toolchains_toolchains_b77d8c1312_opt_zephyr_sdk_arm_zephyr_eabi_bin____lib_gcc_arm_zephyr_eabi_12_2_0_include___isystem___home_harrkout_zephyr_workspace_ncs_toolchains_toolchains_b77d8c1312_opt_zephyr_sdk_arm_zephyr_eabi_bin____lib_gcc_arm_zephyr_eabi_12_2_0_include_fixed___Wl___unresolved_symbols_ignore_in_object_files__Wl___entry_0__fuse_ld_bfd succeeded with the following output:
Change Dir: /home/harrkout/zephyrproject/harrkout/coprocessor/build/coprocessor/CMakeFiles/CMakeTmp

Run Build Command(s):/home/harrkout/zephyr_workspace/ncs/toolchains/toolchains/b77d8c1312/usr/local/bin/ninja cmTC_9c54f && [1/2] Building CXX object CMakeFiles/cmTC_9c54f.dir/src.cxx.obj
[2/2] Linking CXX executable cmTC_9c54f


Source file was:
int main() { return 0; }
Performing C SOURCE FILE Test check_fmacro_prefix_map__home_harrkout_zephyr_workspace_ncs_toolchains_v2_9_0_WEST_TOPDIR_C__nostartfiles__nostdlib__isystem___home_harrkout_zephyr_workspace_ncs_toolchains_toolchains_b77d8c1312_opt_zephyr_sdk_arm_zephyr_eabi_bin____lib_gcc_arm_zephyr_eabi_12_2_0_include___isystem___home_harrkout_zephyr_workspace_ncs_toolchains_toolchains_b77d8c1312_opt_zephyr_sdk_arm_zephyr_eabi_bin____lib_gcc_arm_zephyr_eabi_12_2_0_include_fixed___Wl___unresolved_symbols_ignore_in_object_files__Wl___entry_0__fuse_ld_bfd succeeded with the following output:
Change Dir: /home/harrkout/zephyrproject/harrkout/coprocessor/build/coprocessor/CMakeFiles/CMakeTmp

Run Build Command(s):/home/harrkout/zephyr_workspace/ncs/toolchains/toolchains/b77d8c1312/usr/local/bin/ninja cmTC_1d732 && [1/2] Building C object CMakeFiles/cmTC_1d732.dir/src.c.obj
[2/2] Linking C executable cmTC_1d732


Source file was:
int main(void) { return 0; }
Performing C++ SOURCE FILE Test check_fmacro_prefix_map__home_harrkout_zephyr_workspace_ncs_toolchains_v2_9_0_WEST_TOPDIR_CXX__nostartfiles__nostdlib__isystem___home_harrkout_zephyr_workspace_ncs_toolchains_toolchains_b77d8c1312_opt_zephyr_sdk_arm_zephyr_eabi_bin____lib_gcc_arm_zephyr_eabi_12_2_0_include___isystem___home_harrkout_zephyr_workspace_ncs_toolchains_toolchains_b77d8c1312_opt_zephyr_sdk_arm_zephyr_eabi_bin____lib_gcc_arm_zephyr_eabi_12_2_0_include_fixed___Wl___unresolved_symbols_ignore_in_object_files__Wl___entry_0__fuse_ld_bfd succeeded with the following output:
Change Dir: /home/harrkout/zephyrproject/harrkout/coprocessor/build/coprocessor/CMakeFiles/CMakeTmp

Run Build Command(s):/home/harrkout/zephyr_workspace/ncs/toolchains/toolchains/b77d8c1312/usr/local/bin/ninja cmTC_8792d && [1/2] Building CXX object CMakeFiles/cmTC_8792d.dir/src.cxx.obj
[2/2] Linking CXX executable cmTC_8792d


Source file was:
int main() { return 0; }
